2026-09-21 02:10:50.579   Log opened. (Time zone: UTC+09:00)
2026-09-21 02:10:50.579   Setup version: Inno Setup version 6.7.3
2026-09-21 02:10:50.579   Original Setup EXE: D:\lingwang-toolbox\lingwtools-setup-1.0.2.exe
2026-09-21 02:10:50.579   Setup command line: /SL5="$80158,17376741,862208,D:\lingwang-toolbox\lingwtools-setup-1.0.2.exe" /LOG=wiz2.log
2026-09-21 02:10:50.579   Windows version: 10.0.26200
2026-09-21 02:10:50.579   Windows architecture: x64 (64-bit)
2026-09-21 02:10:50.580   Machine types supported by system: x86 x64
2026-09-21 02:10:50.580   User privileges: Administrative
2026-09-21 02:10:50.582   Administrative install mode: Yes
2026-09-21 02:10:50.582   Install mode root key: HKEY_LOCAL_MACHINE
2026-09-21 02:10:50.582   64-bit install mode: No
2026-09-21 02:10:50.582   RedirectionGuard status for current process: Enabled in enforcing mode
2026-09-21 02:10:52.154   Created protected temporary directory: C:\Users\itadm\AppData\Local\Temp\is-I4814LZGHJ.tmp
2026-09-21 02:10:56.387   Message box (Yes/No):
                          安装程序尚未完成。如果现在退出，将不会安装该程序。
                          
                          您之后可以再次运行安装程序完成安装。
                          
                          现在退出安装程序吗？
2026-09-21 02:10:57.373   User chose Yes.
2026-09-21 02:10:57.374   Deinitializing Setup.
2026-09-21 02:10:57.396   Log closed.
